
> trainer-web@0.0.0 start
> ng serve

❯ Building...
✔ Building...
Initial chunk files | Names                       | Raw size
main.js             | main                        |  2.91 kB |
chunk-TA3AXOCO.js   | -                           |  2.67 kB |
styles.css          | styles                      | 95 bytes |

                    | Initial total               |  5.67 kB

Lazy chunk files    | Names                       | Raw size
chunk-FD7W64LF.js   | workout-register-component  | 25.03 kB |
chunk-2T3I55EK.js   | agentic-chat-component      | 18.68 kB |
chunk-NJRCPOI5.js   | register-component          | 18.17 kB |
chunk-BKUFMV6D.js   | workout-history-component   | 16.16 kB |
chunk-WOOCFUIE.js   | workout-generator-component | 13.41 kB |
chunk-4XA5GEZN.js   | dashboard-component         |  6.85 kB |
chunk-6W4IRPCO.js   | login-component             |  6.66 kB |
chunk-WZVLFA4M.js   | -                           |  1.29 kB |
chunk-NHYE4AXK.js   | -                           |  1.01 kB |

Application bundle generation complete. [3.570 seconds]

Watch mode enabled. Watching for file changes...
NOTE: Raw file sizes do not reflect development server per-request transformations.
  ➜  Local:   http://localhost:4200/
❯ Changes detected. Rebuilding...
✔ Changes detected. Rebuilding...
Initial chunk files | Names                       | Raw size
main.js             | main                        |  2.91 kB |

Lazy chunk files    | Names                       | Raw size
chunk-22TXQ4ES.js   | agentic-chat-component      | 18.68 kB |
chunk-SY3REAZ2.js   | workout-generator-component | 13.41 kB |
chunk-IJBG5TYN.js   | -                           |  1.43 kB |

Application bundle generation complete. [2.904 seconds]

Page reload sent to client(s).
❯ Changes detected. Rebuilding...
✔ Changes detected. Rebuilding...
Initial chunk files | Names                  | Raw size
main.js             | main                   |  2.91 kB |

Lazy chunk files    | Names                  | Raw size
chunk-63ZZXR33.js   | agentic-chat-component | 20.03 kB |

Application bundle generation complete. [1.324 seconds]

Page reload sent to client(s).
